strategy: random_lg
step: 430000
train_batch_size (pretrain-cc): 64
lang:tr
WARNING:tensorflow:From /home/mwp141/anaconda3/envs/chenQA/lib/python3.6/site-packages/tensorpack/callbacks/hooks.py:17: The name tf.train.SessionRunHook is deprecated. Please use tf.estimator.SessionRunHook instead.

WARNING:tensorflow:From /home/mwp141/anaconda3/envs/chenQA/lib/python3.6/site-packages/tensorpack/tfutils/optimizer.py:18: The name tf.train.Optimizer is deprecated. Please use tf.compat.v1.train.Optimizer instead.

WARNING:tensorflow:From /home/mwp141/anaconda3/envs/chenQA/lib/python3.6/site-packages/tensorpack/tfutils/sesscreate.py:20: The name tf.train.SessionCreator is deprecated. Please use tf.compat.v1.train.SessionCreator instead.

04/14/2022 10:28:58 - INFO - __main__ -   device: cuda n_gpu: 1, distributed training: False
04/14/2022 10:28:59 - INFO - volta.task_utils -   Loading NLVR2 Dataset with batch size 512
04/14/2022 10:28:59 - INFO - volta.train_utils -   logging file at: pytorch_model_best.bin-
04/14/2022 10:28:59 - INFO - volta.utils -   loading weights file /science/image/nlp-datasets/tt-mml/tt-mml-iglue/experiments/zero_shot/ctrl_ttmml_random_lg/marvl/train/marvl-random_lg-batch_size_64-step_430000/NLVR2_ctrl_xuniter_base/pytorch_model_best.bin
04/14/2022 10:29:18 - INFO - volta.utils -   
feats_h5path1 /science/image/nlp-datasets/emanuele/data/marvl/features/marvl-tr_boxes36.lmdb
***** Running evaluation *****
  Num Iters:  3
  Batch size:  512
  0%|          | 0/3 [00:00<?, ?it/s]0/3 33%|###3      | 1/3 [00:50<01:40, 50.06s/it]1/3 67%|######6   | 2/3 [00:54<00:36, 36.26s/it]2/3100%|##########| 3/3 [00:55<00:00, 25.75s/it]
04/14/2022 10:30:21 - INFO - volta.train_utils -   Eval task TASK12 on iteration 0 
04/14/2022 10:30:21 - INFO - volta.train_utils -   Validation [NLVR2]: loss 0.925 score 60.169 
04/14/2022 10:30:21 - INFO - __main__ -   Consistency: 10.847457627118644
