strategy: random_lg
step: 430000
train_batch_size (pretrain-cc): 64
lang:zh
WARNING:tensorflow:From /home/mwp141/anaconda3/envs/chenQA/lib/python3.6/site-packages/tensorpack/callbacks/hooks.py:17: The name tf.train.SessionRunHook is deprecated. Please use tf.estimator.SessionRunHook instead.

WARNING:tensorflow:From /home/mwp141/anaconda3/envs/chenQA/lib/python3.6/site-packages/tensorpack/tfutils/optimizer.py:18: The name tf.train.Optimizer is deprecated. Please use tf.compat.v1.train.Optimizer instead.

WARNING:tensorflow:From /home/mwp141/anaconda3/envs/chenQA/lib/python3.6/site-packages/tensorpack/tfutils/sesscreate.py:20: The name tf.train.SessionCreator is deprecated. Please use tf.compat.v1.train.SessionCreator instead.

04/14/2022 10:30:16 - INFO - __main__ -   device: cuda n_gpu: 1, distributed training: False
04/14/2022 10:30:16 - INFO - volta.task_utils -   Loading NLVR2 Dataset with batch size 512
04/14/2022 10:30:16 - INFO - volta.train_utils -   logging file at: pytorch_model_best.bin-
04/14/2022 10:30:16 - INFO - volta.utils -   loading weights file /science/image/nlp-datasets/tt-mml/tt-mml-iglue/experiments/zero_shot/ctrl_ttmml_random_lg/marvl/train/marvl-random_lg-batch_size_64-step_430000/NLVR2_ctrl_xuniter_base/pytorch_model_best.bin
04/14/2022 10:30:26 - INFO - volta.utils -   
feats_h5path1 /science/image/nlp-datasets/emanuele/data/marvl/features/marvl-zh_boxes36.lmdb
***** Running evaluation *****
  Num Iters:  2
  Batch size:  512
  0%|          | 0/2 [00:00<?, ?it/s]0/2 50%|#####     | 1/2 [00:51<00:51, 51.47s/it]1/2100%|##########| 2/2 [00:56<00:00, 37.40s/it]
04/14/2022 10:31:25 - INFO - volta.train_utils -   Eval task TASK12 on iteration 0 
04/14/2022 10:31:25 - INFO - volta.train_utils -   Validation [NLVR2]: loss 0.966 score 56.028 
04/14/2022 10:31:25 - INFO - __main__ -   Consistency: 11.067193675889328
